// Jest Snapshot v1, https://goo.gl/fbAQLP

exports[`AdCard renders the AdCard component 1`] = `
<body>
  <div>
    <div
      class="w-[400px]"
    >
      <a
        href="/ads/1"
      >
        <div
          class="shadow-md border rounded-lg p-6 bg-white mr-3 mb-3"
        >
          <img
            class="h-[200px] w-full object-cover rounded-md"
            src="http://img.com/i.png"
          />
          <div
            class="flex justify-between pt-6"
          >
            <div
              class="ad-card-title"
            >
              myad
            </div>
            <div
              class="ad-card-price"
            >
              42
               â‚¬
            </div>
          </div>
        </div>
      </a>
    </div>
  </div>
</body>
`;
